[themesboss.com/elvish/index_1.html]
[backblue.gif]
[fade.gif]
[index.html]
[themesboss.com/elvish/images/favicon.ico]
[themesboss.com/elvish/index.html]
[themesboss.com/elvish/images/logo.png]
[themesboss.com/elvish/images/logo-dark.png]
[themesboss.com/elvish/images/sign.png]
[themesboss.com/elvish/images/works/1.jpg]
[themesboss.com/elvish/images/works/2.jpg]
[themesboss.com/elvish/images/works/3.jpg]
[themesboss.com/elvish/images/works/4.jpg]
[themesboss.com/elvish/images/works/5.jpg]
[themesboss.com/elvish/images/works/6.jpg]
[themesboss.com/elvish/images/clients/1.png]
[themesboss.com/elvish/images/clients/2.png]
[themesboss.com/elvish/images/clients/3.png]
[themesboss.com/elvish/images/clients/4.png]
[themesboss.com/elvish/images/clients/5.png]
[themesboss.com/elvish/images/clients/6.png]
[themesboss.com/elvish/images/blog/blog-1.jpg]
[themesboss.com/elvish/blog-sidebar.html]
[themesboss.com/elvish/images/blog/blog-2.jpg]
[themesboss.com/elvish/images/blog/blog-3.jpg]
[themesboss.com/elvish/images/blog/blog-4.jpg]
[themesboss.com/elvish/images/blog/blog-5.jpg]
[themesboss.com/elvish/js/jquery.min.js]
[themesboss.com/elvish/js/popper.min.js]
[themesboss.com/elvish/js/bootstrap.min.js]
[themesboss.com/elvish/js/jquery.easing.min.js]
[themesboss.com/elvish/js/scrollspy.min.js]
[themesboss.com/elvish/js/typed.js]
[themesboss.com/elvish/js/jquery.magnific-popup.min.js]
[themesboss.com/elvish/js/isotope.js]
[themesboss.com/elvish/js/owl.carousel.min.js]
[themesboss.com/elvish/js/custom.js]
[themesboss.com/elvish/index_1.html]
[themesboss.com/elvish/css/bootstrap.min.css]
[themesboss.com/elvish/fonts/materialdesignicons-webfontdf71.eot]
[themesboss.com/elvish/fonts/materialdesignicons-webfontd41d.eot]
[themesboss.com/elvish/fonts/materialdesignicons-webfontdf71.woff2]
[themesboss.com/elvish/fonts/materialdesignicons-webfontdf71.woff]
[themesboss.com/elvish/fonts/materialdesignicons-webfontdf71.ttf]
[themesboss.com/elvish/css/materialdesignicons.min.css]
[themesboss.com/elvish/fonts/mobirise73ab.ttf]
[themesboss.com/elvish/fonts/mobirise73ab.woff]
[themesboss.com/elvish/css/mobiriseicons.css]
[themesboss.com/elvish/css/magnific-popup.css]
[themesboss.com/elvish/css/animate.min.css]
[themesboss.com/elvish/css/owl.carousel.css]
[themesboss.com/elvish/css/owl.theme.css]
[themesboss.com/elvish/css/owl.transitions.css]
[themesboss.com/elvish/images/header_img.jpg]
[themesboss.com/elvish/images/home-bg.jpg]
[themesboss.com/elvish/images/bottom-color.png]
[themesboss.com/elvish/images/img-1.jpg]
[themesboss.com/elvish/images/img-2.jpg]
[themesboss.com/elvish/images/img-3.jpg]
[themesboss.com/elvish/css/style.css]
[themesboss.com/elvish/assets/images/demo/1.png]
[themesboss.com/elvish/index_2.html]
[themesboss.com/elvish/assets/images/demo/2.png]
[themesboss.com/elvish/index_3.html]
[themesboss.com/elvish/assets/images/demo/3.png]
[themesboss.com/elvish/index_4.html]
[themesboss.com/elvish/assets/images/demo/4.png]
[themesboss.com/elvish/index_5.html]
[themesboss.com/elvish/assets/images/demo/5.png]
[themesboss.com/elvish/index_6.html]
[themesboss.com/elvish/assets/images/demo/6.png]
[themesboss.com/elvish/index_7.html]
[themesboss.com/elvish/assets/images/demo/7.png]
[themesboss.com/elvish/index_8.html]
[themesboss.com/elvish/assets/images/demo/8.png]
[themesboss.com/elvish/index_9.html]
[themesboss.com/elvish/assets/images/demo/9.png]
[themesboss.com/elvish/index_10.html]
[themesboss.com/elvish/assets/images/demo/10.png]
[themesboss.com/elvish/index_11.html]
[themesboss.com/elvish/assets/images/demo/11.png]
[themesboss.com/elvish/index_12.html]
[themesboss.com/elvish/assets/images/demo/12.png]
[themesboss.com/elvish/index_13.html]
[themesboss.com/elvish/assets/images/demo/13.png]
[themesboss.com/elvish/index_14.html]
[themesboss.com/elvish/assets/images/demo/14.png]
[themesboss.com/elvish/index_15.html]
[themesboss.com/elvish/assets/images/demo/15.png]
[themesboss.com/elvish/index_16.html]
[themesboss.com/elvish/assets/images/demo/16.png]
[themesboss.com/elvish/index_17.html]
[themesboss.com/elvish/assets/images/demo/17.png]
[themesboss.com/elvish/index_18.html]
[themesboss.com/elvish/assets/images/demo/18.png]
[themesboss.com/elvish/assets/images/demo/blog-sidebar.png]
[themesboss.com/elvish/blog-single.html]
[themesboss.com/elvish/assets/images/demo/blog-detail.png]
[themesboss.com/elvish/assets/images/demo/comming.png]
[themesboss.com/elvish/assets/js/jquery.min.js]
[themesboss.com/elvish/assets/js/popper.min.js]
[themesboss.com/elvish/assets/js/bootstrap.min.js]
[themesboss.com/elvish/index.html]
[themesboss.com/elvish/blog-sidebar.html]
[themesboss.com/elvish/fonts/materialdesignicons-webfontdf71.html]
[themesboss.com/elvish/fonts/MobiriseIcons73ab.html]
[themesboss.com/elvish/fonts/MobiriseIcons73ab-2.html]
[themesboss.com/elvish/css/AjaxLoader.html]
[themesboss.com/elvish/assets/css/bootstrap.min.css]
[themesboss.com/elvish/assets/css/demo.css]
[themesboss.com/elvish/js/jquery.simple-text-rotator.js]
[themesboss.com/elvish/index_2.html]
[themesboss.com/elvish/js/particles.js]
[themesboss.com/elvish/js/particles.app.js]
[themesboss.com/elvish/index_3.html]
[themesboss.com/elvish/index_4.html]
[themesboss.com/elvish/index_5.html]
[themesboss.com/elvish/index_6.html]
[themesboss.com/elvish/index_7.html]
[themesboss.com/elvish/index_8.html]
[themesboss.com/elvish/index_9.html]
[themesboss.com/elvish/js/parallax.js]
[themesboss.com/elvish/index_10.html]
[themesboss.com/elvish/index_11.html]
[themesboss.com/elvish/index_12.html]
[themesboss.com/elvish/index_13.html]
[themesboss.com/elvish/images/home-bg-2.jpg]
[themesboss.com/elvish/images/home-bg-3.jpg]
[themesboss.com/elvish/index_14.html]
[themesboss.com/elvish/index_15.html]
[themesboss.com/elvish/index_16.html]
[themesboss.com/elvish/js/aos.js]
[themesboss.com/elvish/index_17.html]
[themesboss.com/elvish/js/jquery.mb.YTPlayer.js]
[themesboss.com/elvish/index_18.html]
[themesboss.com/elvish/images/comment/1.jpg]
[themesboss.com/elvish/images/comment/2.jpg]
[themesboss.com/elvish/images/comment/3.jpg]
[themesboss.com/elvish/blog-single.html]
[themesboss.com/elvish/images/divider.html]
[themesboss.com/elvish/css/aos.css]
[themesboss.com/elvish/css/ytplayer.css]
[themesboss.com/elvish/css/ytp-regular.html]
[themesboss.com/elvish/css/ytp-regular-2.html]
[themesboss.com/elvish/images/raster.html]
[themesboss.com/elvish/images/raster@2x.html]
[themesboss.com/elvish/images/raster_dot.html]
[themesboss.com/elvish/images/raster_dot@2x.html]
